C:/fel/spd/kvetinac/STM32CubeExpansion_LRWAN_V2.1.0/Projects/B-L072Z-LRWAN1/Applications/LoRaWAN/LoRa_Flowerpot/LoRaWAN/App/lora_app.c:539:13:OnTxTimerEvent	8	static
C:/fel/spd/kvetinac/STM32CubeExpansion_LRWAN_V2.1.0/Projects/B-L072Z-LRWAN1/Applications/LoRaWAN/LoRa_Flowerpot/LoRaWAN/App/lora_app.c:629:13:OnMacProcessNotify	8	static
C:/fel/spd/kvetinac/STM32CubeExpansion_LRWAN_V2.1.0/Projects/B-L072Z-LRWAN1/Applications/LoRaWAN/LoRa_Flowerpot/LoRaWAN/App/lora_app.c:315:13:OnRxData	40	static
C:/fel/spd/kvetinac/STM32CubeExpansion_LRWAN_V2.1.0/Projects/B-L072Z-LRWAN1/Applications/LoRaWAN/LoRa_Flowerpot/LoRaWAN/App/lora_app.c:559:13:OnRxTimerLedEvent	8	static
C:/fel/spd/kvetinac/STM32CubeExpansion_LRWAN_V2.1.0/Projects/B-L072Z-LRWAN1/Applications/LoRaWAN/LoRa_Flowerpot/LoRaWAN/App/lora_app.c:554:13:OnTxTimerLedEvent	8	static
C:/fel/spd/kvetinac/STM32CubeExpansion_LRWAN_V2.1.0/Projects/B-L072Z-LRWAN1/Applications/LoRaWAN/LoRa_Flowerpot/LoRaWAN/App/lora_app.c:384:13:SendTxData	72	static
C:/fel/spd/kvetinac/STM32CubeExpansion_LRWAN_V2.1.0/Projects/B-L072Z-LRWAN1/Applications/LoRaWAN/LoRa_Flowerpot/LoRaWAN/App/lora_app.c:564:13:OnJoinTimerLedEvent	8	static
C:/fel/spd/kvetinac/STM32CubeExpansion_LRWAN_V2.1.0/Projects/B-L072Z-LRWAN1/Applications/LoRaWAN/LoRa_Flowerpot/LoRaWAN/App/lora_app.c:571:13:OnTxData	24	static
C:/fel/spd/kvetinac/STM32CubeExpansion_LRWAN_V2.1.0/Projects/B-L072Z-LRWAN1/Applications/LoRaWAN/LoRa_Flowerpot/LoRaWAN/App/lora_app.c:600:13:OnJoinRequest	16	static
C:/fel/spd/kvetinac/STM32CubeExpansion_LRWAN_V2.1.0/Projects/B-L072Z-LRWAN1/Applications/LoRaWAN/LoRa_Flowerpot/LoRaWAN/App/lora_app.c:222:6:LoRaWAN_Init	40	static
C:/fel/spd/kvetinac/STM32CubeExpansion_LRWAN_V2.1.0/Projects/B-L072Z-LRWAN1/Applications/LoRaWAN/LoRa_Flowerpot/LoRaWAN/App/lora_app.c:296:6:HAL_GPIO_EXTI_Callback	8	static
